Last login: Thu Sep 24 20:01:23 on console
JANYO:~ janyolihu$ git cd ~/datasciencecoursera
git: 'cd' is not a git command. See 'git --help'.

Did you mean this?
	add
JANYO:~ janyolihu$ git add.
error: key does not contain variable name: pager.add.
error: key does not contain variable name: alias.add.
git: 'add.' is not a git command. See 'git --help'.

Did you mean this?
	add
JANYO:~ janyolihu$ git init
Initialized empty Git repository in /Users/janyolihu/.git/
JANYO:~ janyolihu$ git init datasciencecoursera
Reinitialized existing Git repository in /Users/janyolihu/datasciencecoursera/.git/
JANYO:~ janyolihu$ git push
fatal: No configured push destination.
Either specify the URL from the command-line or configure a remote repository using

    git remote add <name> <url>

and then push using the remote name

    git push <name>

JANYO:~ janyolihu$ git push datasciencecoursera https://github.com/jan-yo/datasciencecoursera
fatal: remote part of refspec is not a valid name in https://github.com/jan-yo/datasciencecoursera
JANYO:~ janyolihu$ git commit
On branch master

Initial commit

Untracked files:
	.CFUserTextEncoding
	.DS_Store
	.R/
	.Rapp.history
	.Rhistory
	.Trash/
	.bash_history
	.cups/
	.dropbox/
	.gitconfig
	.rstudio-desktop/
	.subversion/
	Applications/
	Desktop/
	Documents/
	Downloads/
	Dropbox/
	Library/
	Movies/
	Music/
	Pictures/
	Public/
	datasciencecoursera/

nothing added to commit but untracked files present
JANYO:~ janyolihu$ cd ~/datasciencecoursera
JANYO:datasciencecoursera janyolihu$ git commit
On branch master
Changes not staged for commit:
	modified:   helloworld.md

no changes added to commit
JANYO:datasciencecoursera janyolihu$ git push helloworld.md https://github.com/jan-yo/datasciencecoursera
fatal: remote part of refspec is not a valid name in https://github.com/jan-yo/datasciencecoursera
JANYO:datasciencecoursera janyolihu$ git add
Nothing specified, nothing added.
Maybe you wanted to say 'git add .'?
JANYO:datasciencecoursera janyolihu$ git add .
JANYO:datasciencecoursera janyolihu$ git push
fatal: No configured push destination.
Either specify the URL from the command-line or configure a remote repository using

    git remote add <name> <url>

and then push using the remote name

    git push <name>

JANYO:datasciencecoursera janyolihu$ git push datasciencecoursera https://github.com/jan-yo/datasciencecoursera
fatal: remote part of refspec is not a valid name in https://github.com/jan-yo/datasciencecoursera
JANYO:datasciencecoursera janyolihu$ add . helloworld.md
-bash: add: command not found
JANYO:datasciencecoursera janyolihu$ git add helloworld.md
JANYO:datasciencecoursera janyolihu$ git add .
JANYO:datasciencecoursera janyolihu$ git add hellowworld.md
fatal: pathspec 'hellowworld.md' did not match any files
JANYO:datasciencecoursera janyolihu$ git commit

created	helloworld.md
# Please enter the commit message for your changes. Lines starting
# with '#' will be ignored, and an empty message aborts the commit.
# On branch master
# Changes to be committed:
#       modified:   helloworld.md
#















-uu-:**-F1  COMMIT_EDITMSG   All L1     (Fundamental)---------------------------

