Last login: Thu Sep 24 20:50:21 on ttys000
JANYO:~ janyolihu$ cd ~/datasciencecoursera
JANYO:datasciencecoursera janyolihu$ git add -A
JANYO:datasciencecoursera janyolihu$ git add .
JANYO:datasciencecoursera janyolihu$ git commit




















Trying to push helloworld.md to	git hub

Merge https://github.com/jan-yo/datasciencecoursera

# Please enter a commit message to explain why this merge is necessary,
# especially if it merges an updated upstream into a topic branch.
#
# Lines starting with '#' will be ignored, and an empty message aborts
# the commit.

# Please enter the commit message for your changes. Lines starting
# with '#' will be ignored, and an empty message aborts the commit.
# On branch master
# Changes to be committed:
#       modified:   .DS_Store
#       new file:   README.md
#       new file:   git merge
#



-uu-:**-F1  COMMIT_EDITMSG   All L3     (Fundamental)---------------------------

